// Vitest Snapshot v1, https://vitest.dev/guide/snapshot.html

exports[`AliasesList > renders the AliasList sorted 1`] = `<div />`;
