// Vitest Snapshot v1, https://vitest.dev/guide/snapshot.html

exports[`Highlighted code markdown extension > renders > with just the language > and line wrapping > doesn't show a gutter 1`] = `
<div>
  <pre />
  

</div>
`;

exports[`Highlighted code markdown extension > renders > with just the language > doesn't show a gutter 1`] = `
<div>
  <pre />
  

</div>
`;

exports[`Highlighted code markdown extension > renders > with the language and show gutter > and line wrapping > shows the correct line number 1`] = `
<div>
  <pre />
  

</div>
`;

exports[`Highlighted code markdown extension > renders > with the language and show gutter > shows the correct line number 1`] = `
<div>
  <pre />
  

</div>
`;

exports[`Highlighted code markdown extension > renders > with the language, show gutter with a start number > and line wrapping > shows the correct line number 1`] = `
<div>
  <pre />
  

</div>
`;

exports[`Highlighted code markdown extension > renders > with the language, show gutter with a start number > and line wrapping > shows the correct line number and continues in another codeblock 1`] = `
<div>
  <pre />
  

  <pre />
  

</div>
`;

exports[`Highlighted code markdown extension > renders > with the language, show gutter with a start number > shows the correct line number 1`] = `
<div>
  <pre />
  

</div>
`;

exports[`Highlighted code markdown extension > renders > with the language, show gutter with a start number > shows the correct line number and continues in another codeblock 1`] = `
<div>
  <pre />
  

  <pre />
  

</div>
`;
