// Vitest Snapshot v1, https://vitest.dev/guide/snapshot.html

exports[`TranslatedInternalLink > renders with i18nKey 1`] = `
<div>
  <a
    class=""
    href="/test"
  >
    testi18nKey
  </a>
</div>
`;
