// Vitest Snapshot v1, https://vitest.dev/guide/snapshot.html

exports[`TranslatedExternalLink > renders with i18nKey 1`] = `
<div>
  <a
    class=""
    dir="auto"
    href="https://example.com"
    rel="noopener noreferrer"
    target="_blank"
  >
    testi18nKey
  </a>
</div>
`;
