// Vitest Snapshot v1, https://vitest.dev/guide/snapshot.html

exports[`PlantUML markdown extensions > renders a plantuml codeblock 1`] = `
<div>
  <pre>
    <span>
      this is a mock for graphviz frame
      <code>
        graph {
a -- b
}

      </code>
    </span>
  </pre>
  

</div>
`;
