// Vitest Snapshot v1, https://vitest.dev/guide/snapshot.html

exports[`CSV Table Markdown Extension > renders a csv codeblock 1`] = `
<div>
  <pre>
    <code
      class="csv"
    >
      a;b;c
d;e;f

    </code>
  </pre>
  

</div>
`;
